airport LIS
airport POR
not found
TT6: flight does not exist
123456789A: flight reservation already used
TT6: flight does not exist
TT7 LIS POR 15-02-2022 14:00
TT6 LIS POR 18-02-2022 14:00
TT6 LIS POR 17-02-2022 14:00
TT6 LIS POR 19-02-2022 14:00
