airport LIS
airport POR
15-02-2022
123456789E: flight reservation already used
invalid date
invalid date
