airport LIS
airport POR
123456789B 200
123456789C 200
123456789D 200
