airport LIS
airport POR
invalid passenger number
20-02-2022
invalid reservation code
invalid reservation code
invalid reservation code
TT7: flight does not exist
ZZZZZZZZZZZZZZ: flight reservation already used
too many reservations
invalid date
XXX: flight does not exist
invalid date
